// Jest Snapshot v1, https://goo.gl/fbAQLP

exports[`test message closeable and position function all pass options 1`] = `"<div class=\\"m-message m--box\\" style=\\"z-index: 2008;\\"><ul class=\\"m-message__list m-message--bottom\\"><div item-id=\\"0\\" class=\\"m-message__item m-message-fade-enter m-message-fade-enter-active\\"><div class=\\"m-message__message-item m-message--success\\"><div class=\\"m-message__main\\"><i message-cover=\\"true\\" class=\\"m-icon m--box meve-icon--set meve-icon-checkbox-marked-circle m-message__icon\\"></i><div class=\\"m-message__content\\">hello world</div></div></div></div></ul></div>"`;

exports[`test message default function call pass options 1`] = `"<div class=\\"m-message m--box\\" style=\\"z-index: 2002;\\"><ul class=\\"m-message__list m-message--top\\"><div item-id=\\"0\\" class=\\"m-message__item m-message-fade-enter m-message-fade-enter-active\\"><div class=\\"m-message__message-item m-message--error\\"><div class=\\"m-message__main\\"><i message-cover=\\"true\\" class=\\"m-icon m--box meve-icon--set meve-icon-error m-message__icon\\"></i><div class=\\"m-message__content\\">hello world</div></div><button tabindex=\\"-1\\" class=\\"m-button m--box m-button--mini m--inline-flex m-button--text-default m-button--text m-button--round m-message__close-button\\" message-cover=\\"true\\"><div class=\\"m-button__content\\"><i message-cover=\\"true\\" class=\\"m-icon m--box meve-icon--set meve-icon-close m-message__close-icon\\"></i></div></button></div></div></ul></div>"`;

exports[`test message default function call pass string 1`] = `"<div class=\\"m-message m--box\\" style=\\"z-index: 2001;\\"><ul class=\\"m-message__list m-message--top\\"><div item-id=\\"0\\" class=\\"m-message__item m-message-fade-enter m-message-fade-enter-active\\"><div class=\\"m-message__message-item m-message--success\\"><div class=\\"m-message__main\\"><i message-cover=\\"true\\" class=\\"m-icon m--box meve-icon--set meve-icon-checkbox-marked-circle m-message__icon\\"></i><div class=\\"m-message__content\\">hello world</div></div><button tabindex=\\"-1\\" class=\\"m-button m--box m-button--mini m--inline-flex m-button--text-default m-button--text m-button--round m-message__close-button\\" message-cover=\\"true\\"><div class=\\"m-button__content\\"><i message-cover=\\"true\\" class=\\"m-icon m--box meve-icon--set meve-icon-close m-message__close-icon\\"></i></div></button></div></div></ul></div>"`;

exports[`test message error function call pass string 1`] = `"<div class=\\"m-message m--box\\" style=\\"z-index: 2006;\\"><ul class=\\"m-message__list m-message--top\\"><div item-id=\\"0\\" class=\\"m-message__item m-message-fade-enter m-message-fade-enter-active\\"><div class=\\"m-message__message-item m-message--error\\"><div class=\\"m-message__main\\"><i message-cover=\\"true\\" class=\\"m-icon m--box meve-icon--set meve-icon-error m-message__icon\\"></i><div class=\\"m-message__content\\">hello world</div></div><button tabindex=\\"-1\\" class=\\"m-button m--box m-button--mini m--inline-flex m-button--text-default m-button--text m-button--round m-message__close-button\\" message-cover=\\"true\\"><div class=\\"m-button__content\\"><i message-cover=\\"true\\" class=\\"m-icon m--box meve-icon--set meve-icon-close m-message__close-icon\\"></i></div></button></div></div></ul></div>"`;

exports[`test message info function call pass string 1`] = `"<div class=\\"m-message m--box\\" style=\\"z-index: 2004;\\"><ul class=\\"m-message__list m-message--top\\"><div item-id=\\"0\\" class=\\"m-message__item m-message-fade-enter m-message-fade-enter-active\\"><div class=\\"m-message__message-item m-message--info\\"><div class=\\"m-message__main\\"><i message-cover=\\"true\\" class=\\"m-icon m--box meve-icon--set meve-icon-information m-message__icon\\"></i><div class=\\"m-message__content\\">hello world</div></div><button tabindex=\\"-1\\" class=\\"m-button m--box m-button--mini m--inline-flex m-button--text-default m-button--text m-button--round m-message__close-button\\" message-cover=\\"true\\"><div class=\\"m-button__content\\"><i message-cover=\\"true\\" class=\\"m-icon m--box meve-icon--set meve-icon-close m-message__close-icon\\"></i></div></button></div></div></ul></div>"`;

exports[`test message loading function call pass string 1`] = `"<div class=\\"m-message m--box m-message--forbid-click\\" style=\\"z-index: 2007;\\"><ul class=\\"m-message__list m-message--top\\"><div item-id=\\"0\\" class=\\"m-message__item m-message-fade-enter m-message-fade-enter-active\\"><div class=\\"m-message__message-item m-message--loading\\"><div class=\\"m-message__main\\"><div message-cover=\\"true\\" class=\\"m-loading m--box m-message__loading\\"><div class=\\"m-loading__mask-container\\"><div class=\\"m-loading__mask m-loading--opacity-hidden\\"></div><div class=\\"m-loading__circle m-loading--rotate\\"><svg viewBox=\\"25 25 50 50\\"><circle cx=\\"50\\" cy=\\"50\\" r=\\"20\\" fill=\\"none\\"></circle></svg></div><div class=\\"m-loading__description-container\\"></div></div></div><div class=\\"m-message__content\\">hello world</div></div><button tabindex=\\"-1\\" class=\\"m-button m--box m-button--mini m--inline-flex m-button--text-default m-button--text m-button--round m-message__close-button\\" message-cover=\\"true\\"><div class=\\"m-button__content\\"><i message-cover=\\"true\\" class=\\"m-icon m--box meve-icon--set meve-icon-close m-message__close-icon\\"></i></div></button></div></div></ul></div>"`;

exports[`test message queue 1`] = `"<div class=\\"m-message m--box\\" style=\\"z-index: 2011;\\"><ul class=\\"m-message__list m-message--top\\"><div item-id=\\"0\\" class=\\"m-message__item m-message-fade-enter m-message-fade-enter-active\\"><div class=\\"m-message__message-item m-message--success\\"><div class=\\"m-message__main\\"><i message-cover=\\"true\\" class=\\"m-icon m--box meve-icon--set meve-icon-checkbox-marked-circle m-message__icon\\"></i><div class=\\"m-message__content\\">hello world</div></div><button tabindex=\\"-1\\" class=\\"m-button m--box m-button--mini m--inline-flex m-button--text-default m-button--text m-button--round m-message__close-button\\" message-cover=\\"true\\"><div class=\\"m-button__content\\"><i message-cover=\\"true\\" class=\\"m-icon m--box meve-icon--set meve-icon-close m-message__close-icon\\"></i></div></button></div></div><div item-id=\\"1\\" class=\\"m-message__item m-message-fade-enter m-message-fade-enter-active\\"><div class=\\"m-message__message-item m-message--warning\\"><div class=\\"m-message__main\\"><i message-cover=\\"true\\" class=\\"m-icon m--box meve-icon--set meve-icon-warning m-message__icon\\"></i><div class=\\"m-message__content\\">hello world</div></div><button tabindex=\\"-1\\" class=\\"m-button m--box m-button--mini m--inline-flex m-button--text-default m-button--text m-button--round m-message__close-button\\" message-cover=\\"true\\"><div class=\\"m-button__content\\"><i message-cover=\\"true\\" class=\\"m-icon m--box meve-icon--set meve-icon-close m-message__close-icon\\"></i></div></button></div></div><div item-id=\\"2\\" class=\\"m-message__item m-message-fade-enter m-message-fade-enter-active\\"><div class=\\"m-message__message-item m-message--error\\"><div class=\\"m-message__main\\"><i message-cover=\\"true\\" class=\\"m-icon m--box meve-icon--set meve-icon-error m-message__icon\\"></i><div class=\\"m-message__content\\">hello world</div></div><button tabindex=\\"-1\\" class=\\"m-button m--box m-button--mini m--inline-flex m-button--text-default m-button--text m-button--round m-message__close-button\\" message-cover=\\"true\\"><div class=\\"m-button__content\\"><i message-cover=\\"true\\" class=\\"m-icon m--box meve-icon--set meve-icon-close m-message__close-icon\\"></i></div></button></div></div></ul></div>"`;

exports[`test message success function call pass string 1`] = `"<div class=\\"m-message m--box\\" style=\\"z-index: 2003;\\"><ul class=\\"m-message__list m-message--top\\"><div item-id=\\"0\\" class=\\"m-message__item m-message-fade-enter m-message-fade-enter-active\\"><div class=\\"m-message__message-item m-message--success\\"><div class=\\"m-message__main\\"><i message-cover=\\"true\\" class=\\"m-icon m--box meve-icon--set meve-icon-checkbox-marked-circle m-message__icon\\"></i><div class=\\"m-message__content\\">hello world</div></div><button tabindex=\\"-1\\" class=\\"m-button m--box m-button--mini m--inline-flex m-button--text-default m-button--text m-button--round m-message__close-button\\" message-cover=\\"true\\"><div class=\\"m-button__content\\"><i message-cover=\\"true\\" class=\\"m-icon m--box meve-icon--set meve-icon-close m-message__close-icon\\"></i></div></button></div></div></ul></div>"`;

exports[`test message warning function call pass string 1`] = `"<div class=\\"m-message m--box\\" style=\\"z-index: 2005;\\"><ul class=\\"m-message__list m-message--top\\"><div item-id=\\"0\\" class=\\"m-message__item m-message-fade-enter m-message-fade-enter-active\\"><div class=\\"m-message__message-item m-message--warning\\"><div class=\\"m-message__main\\"><i message-cover=\\"true\\" class=\\"m-icon m--box meve-icon--set meve-icon-warning m-message__icon\\"></i><div class=\\"m-message__content\\">hello world</div></div><button tabindex=\\"-1\\" class=\\"m-button m--box m-button--mini m--inline-flex m-button--text-default m-button--text m-button--round m-message__close-button\\" message-cover=\\"true\\"><div class=\\"m-button__content\\"><i message-cover=\\"true\\" class=\\"m-icon m--box meve-icon--set meve-icon-close m-message__close-icon\\"></i></div></button></div></div></ul></div>"`;
