// Jest Snapshot v1, https://goo.gl/fbAQLP

exports[`test dropdown children 1`] = `"<div class=\\"m-dropdown\\"><div class=\\"m-popover\\"><button class=\\"trigger\\">hello</button><div class=\\"m-teleport\\"></div></div></div><div><div class=\\"m-popover__container\\" style=\\"transform: scale(1); transform-origin: right top; z-index: 2012; top: 0px; left: 4px;\\"><div class=\\"m-dropdown__wrapper\\"><div class=\\"m-dropdown__cell m-dropdown--normal\\"><div class=\\"m-dropdown__label\\">child</div></div></div></div></div><div><div class=\\"m-popover__container\\" style=\\"transform: scale(1); transform-origin: bottom; z-index: 2011; top: 4px; left: 0px;\\"><div class=\\"m-dropdown__wrapper\\"><div class=\\"m-popover\\"><div class=\\"m-dropdown__cell m-dropdown--normal\\"><div class=\\"m-dropdown__label\\">parent</div><i dropdown-cover=\\"true\\" class=\\"m-icon m--box meve-icon--set meve-icon-arrow-right m-dropdown__arrow\\"></i></div><div class=\\"m-teleport\\"></div></div></div></div></div>"`;

exports[`test dropdown custom render 1`] = `"<div class=\\"m-dropdown\\"><div class=\\"m-popover\\"><button class=\\"trigger\\">hello</button><div class=\\"m-teleport\\"></div></div></div><div><div class=\\"m-popover__container\\" style=\\"transform: scale(0.8); transform-origin: top; opacity: 0; z-index: 2007; display: none;\\"><div class=\\"m-dropdown__wrapper\\"><div class=\\"m-dropdown__cell m-dropdown--normal\\"><span>custom icon</span><span>custom hello</span></div></div></div></div>"`;

exports[`test dropdown size 1`] = `"<div class=\\"m-dropdown\\"><div class=\\"m-popover\\"><button class=\\"trigger\\">hello</button><div class=\\"m-teleport\\"></div></div></div><div><div class=\\"m-popover__container\\" style=\\"transform: scale(0.8); transform-origin: top; opacity: 0; z-index: 2002; display: none;\\"><div class=\\"m-dropdown__wrapper\\"><div class=\\"m-dropdown__cell m-dropdown--small\\"><i dropdown-cover=\\"true\\" class=\\"m-icon m--box meve-icon--set meve-icon-error m-dropdown__icon\\"></i><div class=\\"m-dropdown__label\\">hello</div></div><div class=\\"m-dropdown__cell m-dropdown--small\\"><i dropdown-cover=\\"true\\" class=\\"m-icon m--box meve-icon--set meve-icon-error m-dropdown__icon\\"></i><div class=\\"m-dropdown__label\\">world</div></div></div></div></div>"`;
