// Jest Snapshot v1, https://goo.gl/fbAQLP

exports[`test dialog function pass string 1`] = `"<div class=\\"m--box m-popup m-dialog m-fade-enter m-fade-enter-active\\" style=\\"z-index: 1999;\\"><div class=\\"m-popup__overlay\\" style=\\"z-index: 2000;\\"></div><div dialog-cover=\\"true\\" class=\\"m-popup__content m-popup--center m-pop-center-enter m-pop-center-enter-active\\" style=\\"z-index: 2001;\\"><div class=\\"m-dialog__container\\"><div class=\\"m-dialog__title-wrapper\\"><div class=\\"m-dialog__title\\">提示</div><button tabindex=\\"-1\\" class=\\"m-button m--box m-button--normal m--inline-flex m-button--text-default m-button--text m-button--round m-dialog__close-button\\" dialog-cover=\\"true\\"><div class=\\"m-button__content\\"><i class=\\"m-icon m--box meve-icon--set meve-icon-close\\"></i></div></button></div><div class=\\"m-dialog__message\\" style=\\"text-align: left;\\">hello world</div><div class=\\"m-dialog__footer\\"><button tabindex=\\"-1\\" class=\\"m-button m--box m-button--large m--inline-flex m-button--primary m-button--shadow m-dialog__confirm-button\\" dialog-cover=\\"true\\"><div class=\\"m-button__content\\">确认</div></button><button tabindex=\\"-1\\" class=\\"m-button m--box m-button--large m--inline-flex m-button--text-primary m-button--text m-dialog__cancel-button\\" dialog-cover=\\"true\\"><div class=\\"m-button__content\\">取消</div></button></div></div></div></div>"`;
